[www.mayoclinic.org/index.html]
[backblue.gif]
[fade.gif]
[index.html]
[www.mayoclinic.org/-/media/web/gbs/shared/images/apple-touch-icon-152x152.png]
[www.mayoclinic.org/-/media/web/gbs/shared/images/favicon.png]
[www.mayoclinic.org/-/media/web/gbs/shared/images/mstile-144x144.png]
[www.mayoclinic.org/es-es.html]
[www.mayoclinic.org/ar.html]
[www.mayoclinic.org/zh-hans.html]
[www.mayoclinic.org/styles/css/gbs/mayocombined_F68868CE70D533DA7E11759741FF60564A9091A5.css]
[www.mayoclinic.org/-/media/web/gbs/shared/css/top-task-landing67d9.css]
[www.mayoclinic.org/-/media/web/gbs/shared/css/appointmentpromoe42d.css]
[www.mayoclinic.org/-/media/web/gbs/shared/css/Accessibilityae24.css]
[www.mayoclinic.org/mayofonts/Fonts/mayo/fonts.css]
[www.mayoclinic.org/-/media/web/gbs/shared/css/homepageded1.css]
[nexus.ensighten.com/mayo_clinic/clinicprod/Bootstrap.js]
[www.mayoclinic.org/coronavirus-covid-19.html]
[www.mayoclinic.org/coronavirus-covid-19/vaccine.html]
[www.mayoclinic.org/coronavirus-covid-19/visitor-updates.html]
[www.mayoclinic.org/_/media/logo.svg]
[www.mayoclinic.org/appointments.html]
[www.mayoclinic.org/appointments/find-a-doctor.html]
[www.mayoclinic.org/departments-centers.html]
[www.mayoclinic.org/about-mayo-clinic.html]
[www.mayoclinic.org/patient-visitor-guide.html]
[www.mayoclinic.org/departments-centers/international/appointments.html]
[www.mayoclinic.org/departments-centers/index.html]
[www.mayoclinic.org/patient-visitor-guide/billing-insurance.html]
[www.mayoclinic.org/departments-centers/international/international-business-collaborations.html]
[www.mayoclinic.org/about-mayo-clinic/contact.html]
[www.mayoclinic.org/patient-care-and-health-information.html]
[www.mayoclinic.org/diseases-conditions.html]
[www.mayoclinic.org/symptoms.html]
[www.mayoclinic.org/tests-procedures.html]
[www.mayoclinic.org/drugs-supplements.html]
[www.mayoclinic.org/voice/apps.html]
[www.mayoclinic.org/healthy-lifestyle.html]
[www.mayoclinic.org/-/media/kcms/gbs/research/images/2013/05/02/10/56/globalnav-patientcare.jpg]
[www.mayoclinic.org/diseases-conditions/brain-tumor/symptoms-causes/syc-20350084.html]
[www.mayoclinic.org/diseases-conditions/breast-cancer/symptoms-causes/syc-20352470.html]
[www.mayoclinic.org/diseases-conditions/colon-cancer/symptoms-causes/syc-20353669.html]
[www.mayoclinic.org/diseases-conditions/adult-congenital-heart-disease/symptoms-causes/syc-20355456.html]
[www.mayoclinic.org/diseases-conditions/heart-arrhythmia/symptoms-causes/syc-20350668.html]
[www.mayoclinic.org/medical-professionals.html]
[www.mayoclinic.org/medical-professionals/provider-relations/refer-patient.html]
[www.mayoclinic.org/medical-professionals/publications.html]
[www.mayoclinic.org/giving-to-mayo-clinic.html]
[www.mayoclinic.org/giving-to-mayo-clinic/philanthropy-in-action.html]
[www.mayoclinic.org/giving-to-mayo-clinic/contact-us/frequently-asked-questions.html]
[www.mayoclinic.org/giving-to-mayo-clinic/contact-us.html]
[www.mayoclinic.org/why-choose-mayo-clinic.html]
[www.mayoclinic.org/covid-19/arizona.html]
[www.mayoclinic.org/covid-19/florida.html]
[www.mayoclinic.org/covid-19/rochester.html]
[www.mayoclinic.org/-/media/kcms/ux/images/covid-map.svg]
[www.mayoclinic.org/coronavirus-covid-19/map.html]
[www.mayoclinic.org/departments-centers/international.html]
[www.mayoclinic.org/answers.html]
[www.mayoclinic.org/diseases-conditions/index4cf8.html]
[www.mayoclinic.org/diseases-conditions/index4efa.html]
[www.mayoclinic.org/diseases-conditions/index5a75.html]
[www.mayoclinic.org/diseases-conditions/indexb65f.html]
[www.mayoclinic.org/diseases-conditions/indexd155.html]
[www.mayoclinic.org/diseases-conditions/index7c27.html]
[www.mayoclinic.org/diseases-conditions/index3a02.html]
[www.mayoclinic.org/diseases-conditions/index8a77.html]
[www.mayoclinic.org/diseases-conditions/indexe91d.html]
[www.mayoclinic.org/diseases-conditions/indexb4ca.html]
[www.mayoclinic.org/diseases-conditions/index5e36.html]
[www.mayoclinic.org/diseases-conditions/indexa4ee.html]
[www.mayoclinic.org/diseases-conditions/index489c.html]
[www.mayoclinic.org/diseases-conditions/index568c.html]
[www.mayoclinic.org/diseases-conditions/index3af0.html]
[www.mayoclinic.org/diseases-conditions/indexefcf.html]
[www.mayoclinic.org/diseases-conditions/index4762.html]
[www.mayoclinic.org/diseases-conditions/index8e97.html]
[www.mayoclinic.org/diseases-conditions/indexcf4a.html]
[www.mayoclinic.org/diseases-conditions/index3444.html]
[www.mayoclinic.org/diseases-conditions/index8847.html]
[www.mayoclinic.org/diseases-conditions/index2290.html]
[www.mayoclinic.org/diseases-conditions/indexe608.html]
[www.mayoclinic.org/diseases-conditions/index14ee.html]
[www.mayoclinic.org/diseases-conditions/index2943.html]
[www.mayoclinic.org/diseases-conditions/indexd401.html]
[www.mayoclinic.org/diseases-conditions/index2c3d.html]
[www.mayoclinic.org/symptom-checker/select-symptom/itt-20009075.html]
[www.mayoclinic.org/tests-procedures/bone-marrow-transplant/care-at-mayo-clinic/pcc-20384858.html]
[www.mayoclinic.org/diseases-conditions/brain-aneurysm/care-at-mayo-clinic/mac-20361689.html]
[www.mayoclinic.org/diseases-conditions/brain-tumor/care-at-mayo-clinic/mac-20350092.html]
[www.mayoclinic.org/diseases-conditions/breast-cancer/care-at-mayo-clinic/mac-20352479.html]
[www.mayoclinic.org/diseases-conditions/colon-cancer/care-at-mayo-clinic/mac-20353678.html]
[www.mayoclinic.org/diseases-conditions/adult-congenital-heart-disease/care-at-mayo-clinic/mac-20355464.html]
[www.mayoclinic.org/diseases-conditions/glioma/care-at-mayo-clinic/mac-20350259.html]
[www.mayoclinic.org/diseases-conditions/heart-arrhythmia/care-at-mayo-clinic/mac-20350678.html]
[www.mayoclinic.org/diseases-conditions/heart-valve-disease/care-at-mayo-clinic/mac-20353736.html]
[www.mayoclinic.org/tests-procedures/living-donor-transplant/care-at-mayo-clinic/pcc-20384790.html]
[www.mayoclinic.org/tests-procedures/lung-transplant/care-at-mayo-clinic/pcc-20384757.html]
[www.mayoclinic.org/diseases-conditions/rectal-cancer/care-at-mayo-clinic/mac-20352891.html]
[www.mayoclinic.org/patient-visitor-guide/arizona.html]
[www.mayoclinic.org/-/media/kcms/gbs/patient-consumer/images/2018/04/23/16/35/arizona2x.jpg]
[www.mayoclinic.org/patient-visitor-guide/florida.html]
[www.mayoclinic.org/-/media/kcms/gbs/patient-consumer/images/2018/04/23/16/35/florida2x.jpg]
[www.mayoclinic.org/patient-visitor-guide/minnesota.html]
[www.mayoclinic.org/-/media/kcms/gbs/patient-consumer/images/2018/04/23/16/35/minnesota2x.jpg]
[www.mayoclinic.org/-/media/kcms/gbs/patient-consumer/images/2018/04/23/16/35/healthsystem2x.jpg]
[www.mayoclinic.org/-/media/kcms/gbs/patient-consumer/images/2020/08/07/19/04/mayoclinichealthcarelondon.jpg]
[www.mayoclinic.org/-/media/kcms/ux/javascript/homepagef583.js]
[www.mayoclinic.org/departments-centers/international/financial-services.html]
[www.mayoclinic.org/departments-centers/international/locations.html]
[www.mayoclinic.org/patient-visitor-guide/billing-insurance/financial-assistance.html]
[www.mayoclinic.org/patient-visitor-guide/billing-insurance/financial-assistance/arizona-documents.html]
[www.mayoclinic.org/patient-visitor-guide/billing-insurance/financial-assistance/florida-documents.html]
[www.mayoclinic.org/patient-visitor-guide/billing-insurance/financial-assistance/minnesota-documents.html]
[www.mayoclinic.org/site-help/page-not-found37fb.html]
[www.mayoclinic.org/site-help/page-not-found4e32.html]
[www.mayoclinic.org/site-help/page-not-found3e02.html]
[www.mayoclinic.org/styles/img/logo-mayoclinic.png]
[www.mayoclinic.org/site-help/site-map.html]
[www.mayoclinic.org/about-this-site.html]
[www.mayoclinic.org/about-this-site/terms-conditions-use-policy.html]
[www.mayoclinic.org/about-this-site/privacy-policy.html]
[www.mayoclinic.org/documents/notice-of-nondiscrimination/doc-20425440.pdf]
[www.honcode.ch/HONcode/Seal/HONConduct636199_hr1.gif]
[www.mayoclinic.org/styles/js/gbs/mayofooterjscombined_4666728EEF9794616E5213D92D6EC375B2A274B9.js]
[www.mayoclinic.org/-/media/kcms/ux/javascript/Accessibility3f56.js]
[www.mayoclinic.org/index.html]
[www.mayoclinic.org/-/media/web/gbs/shared/css/top-task-landinge42d.css]
[www.mayoclinic.org/es-es/coronavirus-covid-19.html]
[www.mayoclinic.org/es-es/coronavirus-covid-19/vaccine.html]
[www.mayoclinic.org/es-es.html]
[www.mayoclinic.org/ar.html]
[www.mayoclinic.org/zh-hans.html]
[www.mayoclinic.org/styles/css/gbs/mayocombined_F68868CE70D533DA7E11759741FF60564A9091A5.css]
[www.mayoclinic.org/-/media/web/gbs/shared/css/top-task-landing67d9.css]
[www.mayoclinic.org/-/media/web/gbs/shared/css/appointmentpromoe42d.css]
[www.mayoclinic.org/-/media/web/gbs/shared/css/Accessibilityae24.css]
[www.mayoclinic.org/mayofonts/Fonts/mayo/fonts.css]
[www.mayoclinic.org/-/media/web/gbs/shared/css/homepageded1.css]
[www.mayoclinic.org/ak.html]
[www.mayoclinic.org/ak-2.html]
[www.mayoclinic.org/includes/ux-component-a11y/demo/accessibility-combined.html]
[www.mayoclinic.org/coronavirus-covid-19.html]
[www.mayoclinic.org/coronavirus-covid-19/vaccine.html]
[www.mayoclinic.org/coronavirus-covid-19/visitor-updates.html]
[www.mayoclinic.org/_/media/logo.svg]
[www.mayoclinic.org/appointments.html]
[www.mayoclinic.org/appointments/find-a-doctor.html]
[www.mayoclinic.org/departments-centers.html]
[www.mayoclinic.org/about-mayo-clinic.html]
[www.mayoclinic.org/patient-visitor-guide.html]
[www.mayoclinic.org/departments-centers/international/appointments.html]
[www.mayoclinic.org/departments-centers/index.html]
[www.mayoclinic.org/patient-visitor-guide/billing-insurance.html]
[www.mayoclinic.org/departments-centers/international/international-business-collaborations.html]
[www.mayoclinic.org/about-mayo-clinic/contact.html]
[www.mayoclinic.org/patient-care-and-health-information.html]
[www.mayoclinic.org/diseases-conditions.html]
[www.mayoclinic.org/symptoms.html]
[www.mayoclinic.org/tests-procedures.html]
[www.mayoclinic.org/drugs-supplements.html]
[www.mayoclinic.org/voice/apps.html]
[www.mayoclinic.org/healthy-lifestyle.html]
[www.mayoclinic.org/diseases-conditions/brain-tumor/symptoms-causes/syc-20350084.html]
[www.mayoclinic.org/diseases-conditions/breast-cancer/symptoms-causes/syc-20352470.html]
[www.mayoclinic.org/diseases-conditions/colon-cancer/symptoms-causes/syc-20353669.html]
[www.mayoclinic.org/diseases-conditions/adult-congenital-heart-disease/symptoms-causes/syc-20355456.html]
[www.mayoclinic.org/diseases-conditions/heart-arrhythmia/symptoms-causes/syc-20350668.html]
[www.mayoclinic.org/medical-professionals.html]
[www.mayoclinic.org/medical-professionals/provider-relations/refer-patient.html]
[www.mayoclinic.org/medical-professionals/publications.html]
[www.mayoclinic.org/giving-to-mayo-clinic.html]
[www.mayoclinic.org/giving-to-mayo-clinic/philanthropy-in-action.html]
[www.mayoclinic.org/giving-to-mayo-clinic/contact-us/frequently-asked-questions.html]
[www.mayoclinic.org/giving-to-mayo-clinic/contact-us.html]
[www.mayoclinic.org/why-choose-mayo-clinic.html]
[www.mayoclinic.org/covid-19/arizona.html]
[www.mayoclinic.org/covid-19/florida.html]
[www.mayoclinic.org/covid-19/rochester.html]
[www.mayoclinic.org/-/media/kcms/ux/images/covid-map.svg]
[www.mayoclinic.org/coronavirus-covid-19/map.html]
[www.mayoclinic.org/departments-centers/international.html]
[www.mayoclinic.org/answers.html]
[www.mayoclinic.org/diseases-conditions/index4cf8.html]
[www.mayoclinic.org/diseases-conditions/index4efa.html]
[www.mayoclinic.org/diseases-conditions/index5a75.html]
[www.mayoclinic.org/diseases-conditions/indexb65f.html]
[www.mayoclinic.org/diseases-conditions/indexd155.html]
[www.mayoclinic.org/diseases-conditions/index7c27.html]
[www.mayoclinic.org/diseases-conditions/index3a02.html]
[www.mayoclinic.org/diseases-conditions/index8a77.html]
[www.mayoclinic.org/diseases-conditions/indexe91d.html]
[www.mayoclinic.org/diseases-conditions/indexb4ca.html]
[www.mayoclinic.org/diseases-conditions/index5e36.html]
[www.mayoclinic.org/diseases-conditions/indexa4ee.html]
[www.mayoclinic.org/diseases-conditions/index489c.html]
[www.mayoclinic.org/diseases-conditions/index568c.html]
[www.mayoclinic.org/diseases-conditions/index3af0.html]
[www.mayoclinic.org/diseases-conditions/indexefcf.html]
[www.mayoclinic.org/diseases-conditions/index4762.html]
[www.mayoclinic.org/diseases-conditions/index8e97.html]
[www.mayoclinic.org/diseases-conditions/indexcf4a.html]
[www.mayoclinic.org/diseases-conditions/index3444.html]
[www.mayoclinic.org/diseases-conditions/index8847.html]
[www.mayoclinic.org/diseases-conditions/index2290.html]
[www.mayoclinic.org/diseases-conditions/indexe608.html]
[www.mayoclinic.org/diseases-conditions/index14ee.html]
[www.mayoclinic.org/diseases-conditions/index2943.html]
[www.mayoclinic.org/diseases-conditions/indexd401.html]
[www.mayoclinic.org/diseases-conditions/index2c3d.html]
[www.mayoclinic.org/symptom-checker/select-symptom/itt-20009075.html]
[www.mayoclinic.org/tests-procedures/bone-marrow-transplant/care-at-mayo-clinic/pcc-20384858.html]
[www.mayoclinic.org/diseases-conditions/brain-aneurysm/care-at-mayo-clinic/mac-20361689.html]
[www.mayoclinic.org/diseases-conditions/brain-tumor/care-at-mayo-clinic/mac-20350092.html]
[www.mayoclinic.org/diseases-conditions/breast-cancer/care-at-mayo-clinic/mac-20352479.html]
[www.mayoclinic.org/diseases-conditions/colon-cancer/care-at-mayo-clinic/mac-20353678.html]
[www.mayoclinic.org/diseases-conditions/adult-congenital-heart-disease/care-at-mayo-clinic/mac-20355464.html]
[www.mayoclinic.org/diseases-conditions/glioma/care-at-mayo-clinic/mac-20350259.html]
[www.mayoclinic.org/diseases-conditions/heart-arrhythmia/care-at-mayo-clinic/mac-20350678.html]
[www.mayoclinic.org/diseases-conditions/heart-valve-disease/care-at-mayo-clinic/mac-20353736.html]
[www.mayoclinic.org/tests-procedures/living-donor-transplant/care-at-mayo-clinic/pcc-20384790.html]
[www.mayoclinic.org/tests-procedures/lung-transplant/care-at-mayo-clinic/pcc-20384757.html]
[www.mayoclinic.org/diseases-conditions/rectal-cancer/care-at-mayo-clinic/mac-20352891.html]
[www.mayoclinic.org/patient-visitor-guide/arizona.html]
[www.mayoclinic.org/patient-visitor-guide/florida.html]
[www.mayoclinic.org/patient-visitor-guide/minnesota.html]
[www.mayoclinic.org/-/media/kcms/ux/javascript/homepagef583.js]
[www.mayoclinic.org/departments-centers/international/financial-services.html]
[www.mayoclinic.org/departments-centers/international/locations.html]
[www.mayoclinic.org/patient-visitor-guide/billing-insurance/financial-assistance.html]
[www.mayoclinic.org/patient-visitor-guide/billing-insurance/financial-assistance/arizona-documents.html]
[www.mayoclinic.org/patient-visitor-guide/billing-insurance/financial-assistance/florida-documents.html]
[www.mayoclinic.org/patient-visitor-guide/billing-insurance/financial-assistance/minnesota-documents.html]
[www.mayoclinic.org/site-help/page-not-found37fb.html]
[www.mayoclinic.org/site-help/page-not-found4e32.html]
[www.mayoclinic.org/site-help/page-not-found3e02.html]
[www.mayoclinic.org/site-help/site-map.html]
[www.mayoclinic.org/about-this-site.html]
[www.mayoclinic.org/about-this-site/terms-conditions-use-policy.html]
[www.mayoclinic.org/about-this-site/privacy-policy.html]
[www.mayoclinic.org/styles/js/gbs/mayofooterjscombined_4666728EEF9794616E5213D92D6EC375B2A274B9.js]
[www.mayoclinic.org/-/media/kcms/ux/javascript/Accessibility3f56.js]
[www.mayoclinic.org/-/media/web/gbs/shared/css/top-task-landinge42d.css]
[www.mayoclinic.org/es-es/coronavirus-covid-19.html]
[www.mayoclinic.org/es-es/coronavirus-covid-19/vaccine.html]
